
Memory Configuration

Name             Origin             Length             Attributes
*default*        0x00000000         0xffffffff

Linker script and memory map

LOAD build/animation.o
LOAD build/candysnakelives.o
LOAD build/framebuffer.o
LOAD build/gamelogic.o
LOAD build/interrupts.o
LOAD build/jtag.o
LOAD build/layout.o
LOAD build/lives.o
LOAD build/lose2.o
LOAD build/main.o
LOAD build/map.o
LOAD build/menuquit.o
LOAD build/menu.o
LOAD build/menustart.o
LOAD build/menustory.o
LOAD build/numbers.o
LOAD build/pause.o
LOAD build/pixel.o
LOAD build/snake.o
LOAD build/snes.o
LOAD build/story.o
LOAD build/valuepack.o
LOAD build/valuewords.o
LOAD build/valupacks.o
LOAD build/win2.o

.init           0x00008000        0x4
 *(.init)
 .init          0x00008000        0x4 build/main.o
                0x00008000                _start

.data           0x00009080   0x9230ec
 *(.data)
 .data          0x00009080        0x0 build/animation.o
 .data          0x00009080        0x0 build/candysnakelives.o
 .data          0x00009080       0x34 build/framebuffer.o
                0x000090b0                FrameBufferPointer
 .data          0x000090b4      0x850 build/gamelogic.o
                0x000090b4                snakeAddress
                0x000098bc                setBonanza
                0x000098c0                score
                0x000098c4                lives
                0x000098c8                door
                0x000098cc                state
 .data          0x00009904       0x40 build/interrupts.o
 .data          0x00009944        0x0 build/jtag.o
 .data          0x00009944     0x5800 build/layout.o
                0x00009944                borderDown
                0x0000a144                borderLeft
                0x0000a944                borderRight
                0x0000b144                borderUp
                0x0000b944                conerLeftUp
                0x0000c144                conerRightDown
                0x0000c944                conerRightUp
                0x0000d144                conerLeftDown
                0x0000d944                doorRight
                0x0000e144                otherBrick
                0x0000e944                brick
 .data          0x0000f144     0x2000 build/lives.o
                0x0000f144                snakelives
                0x0000f944                multiply
                0x00010144                candylives
                0x00010944                candy
 .data          0x00011144   0x180000 build/lose2.o
                0x00011144                lose2
 .data          0x00191144        0x0 build/main.o
 .data          0x00191144        0x0 build/map.o
 .data          0x00191144   0x180000 build/menuquit.o
                0x00191144                quitmenu
 .data          0x00311144        0x0 build/menu.o
 .data          0x00311144   0x180000 build/menustart.o
                0x00311144                startmenu
 .data          0x00491144   0x180000 build/menustory.o
                0x00491144                storymenu
 .data          0x00611144     0x5028 build/numbers.o
                0x00611144                numbers
                0x0061116c                zero
                0x0061196c                one
                0x0061216c                two
                0x0061296c                three
                0x0061316c                four
                0x0061396c                five
                0x0061416c                six
                0x0061496c                seven
                0x0061516c                eight
                0x0061596c                nine
 .data          0x0061616c     0xa000 build/pause.o
                0x0061616c                pause1
                0x0061b16c                pause2
 .data          0x0062016c        0x0 build/pixel.o
 .data          0x0062016c     0x1800 build/snake.o
                0x0062016c                head
                0x0062096c                body
                0x0062116c                tail
 .data          0x0062196c        0x0 build/snes.o
 .data          0x0062196c   0x180000 build/story.o
                0x0062196c                storyPhoto
 .data          0x007a196c      0x800 build/valuepack.o
                0x007a196c                valuepack
 .data          0x007a216c     0xa000 build/valuewords.o
                0x007a216c                ca
                0x007a296c                nd
                0x007a316c                y
                0x007a396c                th
                0x007a416c                ief
                0x007a496c                em
                0x007a516c                pt
                0x007a596c                ytwo
                0x007a616c                lo
                0x007a696c                l
                0x007a716c                can
                0x007a796c                dy
                0x007a816c                bon
                0x007a896c                anz
                0x007a916c                atwo
                0x007a996c                lif
                0x007aa16c                eend
                0x007aa96c                sa
                0x007ab16c                ve
                0x007ab96c                rend
 .data          0x007ac16c        0x0 build/valupacks.o
 .data          0x007ac16c   0x180000 build/win2.o
                0x007ac16c                win2
 *.c.o(*)

.igot.plt       0x0092c16c        0x0
 .igot.plt      0x00000000        0x0 build/animation.o

.text           0x0092c16c     0x181c
 *.c.o(.text)
 *(.text)
 .text          0x0092c16c      0x160 build/animation.o
                0x0092c16c                Move
                0x0092c224                insertBody
 .text          0x0092c2cc      0x1e4 build/candysnakelives.o
                0x0092c2cc                r0ndomNumber
                0x0092c31c                division
                0x0092c35c                r0ndomPhoto
                0x0092c3a4                printCandyLives
                0x0092c3c8                printSnakeLives
                0x0092c3e4                printNum
                0x0092c450                updateScore
                0x0092c464                getScore
                0x0092c478                updateLive
                0x0092c48c                getLive
 .text          0x0092c4b0       0x70 build/framebuffer.o
                0x0092c4b0                InitFrameBuffer
 .text          0x0092c520      0x60c build/gamelogic.o
                0x0092c520                initGameMap
                0x0092c71c                getDirection
                0x0092c80c                getCoordinates
                0x0092c8a4                calculateOffset
                0x0092c8c0                initArr0y
                0x0092c95c                clearArray
                0x0092c9ac                shiftArr0y
                0x0092ca30                checkCollision
 .text          0x0092cb2c      0x124 build/interrupts.o
                0x0092cb2c                initInterrupt
                0x0092cb64                InstallIntTable
                0x0092cb98                disableInterrupt
                0x0092cbb0                enableInterrupt
 .text          0x0092cc50       0x8c build/jtag.o
                0x0092cc50                EnableJTAG
 .text          0x0092ccdc        0x0 build/layout.o
 .text          0x0092ccdc        0x0 build/lives.o
 .text          0x0092ccdc        0x0 build/lose2.o
 .text          0x0092ccdc       0x14 build/main.o
                0x0092ccec                haltLoop$
 .text          0x0092ccf0      0x41c build/map.o
                0x0092ccf0                vid
                0x0092cd10                changeBackground
                0x0092cd48                Background
                0x0092ced8                DrawLayoutOne
 .text          0x0092d10c        0x0 build/menuquit.o
 .text          0x0092d10c      0x1bc build/menu.o
                0x0092d10c                startMenu
                0x0092d1b4                loser
                0x0092d1d8                winner
                0x0092d1fc                pauseMenu
 .text          0x0092d2c8        0x0 build/menustart.o
 .text          0x0092d2c8        0x0 build/menustory.o
 .text          0x0092d2c8        0x0 build/numbers.o
 .text          0x0092d2c8        0x0 build/pause.o
 .text          0x0092d2c8      0x20c build/pixel.o
                0x0092d2c8                DrawPixel
                0x0092d2e8                CheckPixel
                0x0092d30c                DrawPhoto
                0x0092d360                checkForPhoto
                0x0092d3c4                DrawBox
                0x0092d418                CheckBox
                0x0092d478                DrawPause
 .text          0x0092d4d4        0x0 build/snake.o
 .text          0x0092d4d4      0x1f8 build/snes.o
                0x0092d4d4                Snes
                0x0092d648                Wait
 .text          0x0092d6cc        0x0 build/story.o
 .text          0x0092d6cc        0x0 build/valuepack.o
 .text          0x0092d6cc        0x0 build/valuewords.o
 .text          0x0092d6cc      0x2bc build/valupacks.o
                0x0092d6cc                candyThief
                0x0092d6f0                candyThiefIcon
                0x0092d74c                candyBonanza
                0x0092d778                pickValuePack
                0x0092d814                emptyIcon
                0x0092d870                candyBonanzaIcon
 .text          0x0092d988        0x0 build/win2.o
OUTPUT(build/output.elf elf32-littlearm)

.glue_7         0x0092d988        0x0
 .glue_7        0x00000000        0x0 linker stubs

.glue_7t        0x0092d988        0x0
 .glue_7t       0x00000000        0x0 linker stubs

.vfp11_veneer   0x0092d988        0x0
 .vfp11_veneer  0x00000000        0x0 linker stubs

.v4_bx          0x0092d988        0x0
 .v4_bx         0x00000000        0x0 linker stubs

.iplt           0x0092d988        0x0
 .iplt          0x00000000        0x0 build/animation.o

.rel.dyn        0x0092d988        0x0
 .rel.iplt      0x00000000        0x0 build/animation.o

.bss            0x0092d988        0x0
 .bss           0x0092d988        0x0 build/animation.o
 .bss           0x0092d988        0x0 build/candysnakelives.o
 .bss           0x0092d988        0x0 build/framebuffer.o
 .bss           0x0092d988        0x0 build/gamelogic.o
 .bss           0x0092d988        0x0 build/interrupts.o
 .bss           0x0092d988        0x0 build/jtag.o
 .bss           0x0092d988        0x0 build/layout.o
 .bss           0x0092d988        0x0 build/lives.o
 .bss           0x0092d988        0x0 build/lose2.o
 .bss           0x0092d988        0x0 build/main.o
 .bss           0x0092d988        0x0 build/map.o
 .bss           0x0092d988        0x0 build/menuquit.o
 .bss           0x0092d988        0x0 build/menu.o
 .bss           0x0092d988        0x0 build/menustart.o
 .bss           0x0092d988        0x0 build/menustory.o
 .bss           0x0092d988        0x0 build/numbers.o
 .bss           0x0092d988        0x0 build/pause.o
 .bss           0x0092d988        0x0 build/pixel.o
 .bss           0x0092d988        0x0 build/snake.o
 .bss           0x0092d988        0x0 build/snes.o
 .bss           0x0092d988        0x0 build/story.o
 .bss           0x0092d988        0x0 build/valuepack.o
 .bss           0x0092d988        0x0 build/valuewords.o
 .bss           0x0092d988        0x0 build/valupacks.o
 .bss           0x0092d988        0x0 build/win2.o

.ARM.attributes
                0x00000000       0x26
 .ARM.attributes
                0x00000000       0x26 build/animation.o
 .ARM.attributes
                0x00000026       0x26 build/candysnakelives.o
 .ARM.attributes
                0x0000004c       0x26 build/framebuffer.o
 .ARM.attributes
                0x00000072       0x26 build/gamelogic.o
 .ARM.attributes
                0x00000098       0x26 build/interrupts.o
 .ARM.attributes
                0x000000be       0x26 build/jtag.o
 .ARM.attributes
                0x000000e4       0x26 build/layout.o
 .ARM.attributes
                0x0000010a       0x26 build/lives.o
 .ARM.attributes
                0x00000130       0x26 build/lose2.o
 .ARM.attributes
                0x00000156       0x26 build/main.o
 .ARM.attributes
                0x0000017c       0x26 build/map.o
 .ARM.attributes
                0x000001a2       0x26 build/menuquit.o
 .ARM.attributes
                0x000001c8       0x26 build/menu.o
 .ARM.attributes
                0x000001ee       0x26 build/menustart.o
 .ARM.attributes
                0x00000214       0x26 build/menustory.o
 .ARM.attributes
                0x0000023a       0x26 build/numbers.o
 .ARM.attributes
                0x00000260       0x26 build/pause.o
 .ARM.attributes
                0x00000286       0x26 build/pixel.o
 .ARM.attributes
                0x000002ac       0x26 build/snake.o
 .ARM.attributes
                0x000002d2       0x26 build/snes.o
 .ARM.attributes
                0x000002f8       0x26 build/story.o
 .ARM.attributes
                0x0000031e       0x26 build/valuepack.o
 .ARM.attributes
                0x00000344       0x26 build/valuewords.o
 .ARM.attributes
                0x0000036a       0x26 build/valupacks.o
 .ARM.attributes
                0x00000390       0x26 build/win2.o

.debug_line     0x00000000      0x98b
 .debug_line    0x00000000       0xa2 build/animation.o
 .debug_line    0x000000a2       0xc8 build/candysnakelives.o
 .debug_line    0x0000016a       0x63 build/framebuffer.o
 .debug_line    0x000001cd      0x1da build/gamelogic.o
 .debug_line    0x000003a7       0xab build/interrupts.o
 .debug_line    0x00000452       0x61 build/jtag.o
 .debug_line    0x000004b3       0x4c build/main.o
 .debug_line    0x000004ff      0x14f build/map.o
 .debug_line    0x0000064e       0xba build/menu.o
 .debug_line    0x00000708       0xc4 build/pixel.o
 .debug_line    0x000007cc       0xc0 build/snes.o
 .debug_line    0x0000088c       0xff build/valupacks.o

.debug_info     0x00000000      0x46c
 .debug_info    0x00000000       0x62 build/animation.o
 .debug_info    0x00000062       0x68 build/candysnakelives.o
 .debug_info    0x000000ca       0x64 build/framebuffer.o
 .debug_info    0x0000012e       0x62 build/gamelogic.o
 .debug_info    0x00000190       0x5f build/interrupts.o
 .debug_info    0x000001ef       0x58 build/jtag.o
 .debug_info    0x00000247       0x59 build/main.o
 .debug_info    0x000002a0       0x5c build/map.o
 .debug_info    0x000002fc       0x5d build/menu.o
 .debug_info    0x00000359       0x59 build/pixel.o
 .debug_info    0x000003b2       0x58 build/snes.o
 .debug_info    0x0000040a       0x62 build/valupacks.o

.debug_abbrev   0x00000000       0xec
 .debug_abbrev  0x00000000       0x14 build/animation.o
 .debug_abbrev  0x00000014       0x14 build/candysnakelives.o
 .debug_abbrev  0x00000028       0x14 build/framebuffer.o
 .debug_abbrev  0x0000003c       0x14 build/gamelogic.o
 .debug_abbrev  0x00000050       0x12 build/interrupts.o
 .debug_abbrev  0x00000062       0x14 build/jtag.o
 .debug_abbrev  0x00000076       0x12 build/main.o
 .debug_abbrev  0x00000088       0x14 build/map.o
 .debug_abbrev  0x0000009c       0x14 build/menu.o
 .debug_abbrev  0x000000b0       0x14 build/pixel.o
 .debug_abbrev  0x000000c4       0x14 build/snes.o
 .debug_abbrev  0x000000d8       0x14 build/valupacks.o

.debug_aranges  0x00000000      0x190
 .debug_aranges
                0x00000000       0x20 build/animation.o
 .debug_aranges
                0x00000020       0x20 build/candysnakelives.o
 .debug_aranges
                0x00000040       0x20 build/framebuffer.o
 .debug_aranges
                0x00000060       0x20 build/gamelogic.o
 .debug_aranges
                0x00000080       0x28 build/interrupts.o
 .debug_aranges
                0x000000a8       0x20 build/jtag.o
 .debug_aranges
                0x000000c8       0x28 build/main.o
 .debug_aranges
                0x000000f0       0x20 build/map.o
 .debug_aranges
                0x00000110       0x20 build/menu.o
 .debug_aranges
                0x00000130       0x20 build/pixel.o
 .debug_aranges
                0x00000150       0x20 build/snes.o
 .debug_aranges
                0x00000170       0x20 build/valupacks.o

.debug_ranges   0x00000000       0x40
 .debug_ranges  0x00000000       0x20 build/interrupts.o
 .debug_ranges  0x00000020       0x20 build/main.o
